V3 59
FL /home/ise/projects/complete_system_mash222_freq_synth/ipcore_dir/ipcore_dir_mash222/gtx_output.vhd 2022/12/08.11:25:06 P.20131013
FL /home/ise/projects/complete_system_mash222_freq_synth/ipcore_dir/ipcore_dir_mash222/gtx_output_tile.vhd 2022/12/08.11:25:05 P.20131013
FL /home/ise/projects/complete_system_mash222_freq_synth/ipcore_dir/ipcore_dir_synth/lut_sine_coarse_128_vals.vhd 2022/12/13.14:19:24 P.20131013
FL /home/ise/projects/complete_system_mash222_freq_synth/ipcore_dir/ipcore_dir_synth/lut_sine_fine_256_vals.vhd 2022/12/13.14:21:33 P.20131013
FL /home/ise/projects/complete_system_mash222_freq_synth/mash222_vhd_files/bit_reduction.vhd 2022/12/05.15:36:02 P.20131013
FL /home/ise/projects/complete_system_mash222_freq_synth/mash222_vhd_files/mash_222.vhd 2022/12/08.09:10:14 P.20131013
FL /home/ise/projects/complete_system_mash222_freq_synth/mash222_vhd_files/output_buffer.vhd 2022/12/08.11:21:54 P.20131013
FL /home/ise/projects/complete_system_mash222_freq_synth/mash222_vhd_files/top_level.vhd 2022/12/13.18:19:21 P.20131013
FL /home/ise/projects/complete_system_mash222_freq_synth/modulator_synth_sys.vhd 2022/12/13.18:59:18 P.20131013
FL /home/ise/projects/complete_system_mash222_freq_synth/pll_clock.vhd 2022/12/13.18:37:37 P.20131013
FL /home/ise/projects/complete_system_mash222_freq_synth/synth_vhd_files/synth.vhd 2022/12/13.15:27:08 P.20131013
FL /home/ise/projects/complete_system_mash222_freq_synth_clean/ipcore_dir/ipcore_dir_mash222/gtx_output.vhd 2022/12/08.11:25:06 P.20131013
EN work/GTX_OUTPUT 1671190268 \
      FL /home/ise/projects/complete_system_mash222_freq_synth_clean/ipcore_dir/ipcore_dir_mash222/gtx_output.vhd \
      PB ieee/std_logic_1164 1381692176 PB ieee/NUMERIC_STD 1381692181 LB UNISIM \
      PH unisim/VCOMPONENTS 1381692182
AR work/GTX_OUTPUT/RTL 1671190269 \
      FL /home/ise/projects/complete_system_mash222_freq_synth_clean/ipcore_dir/ipcore_dir_mash222/gtx_output.vhd \
      EN work/GTX_OUTPUT 1671190268 CP GTX_OUTPUT_TILE
FL /home/ise/projects/complete_system_mash222_freq_synth_clean/ipcore_dir/ipcore_dir_mash222/gtx_output_tile.vhd 2022/12/08.11:25:05 P.20131013
EN work/GTX_OUTPUT_TILE 1671190258 \
      FL /home/ise/projects/complete_system_mash222_freq_synth_clean/ipcore_dir/ipcore_dir_mash222/gtx_output_tile.vhd \
      PB ieee/std_logic_1164 1381692176 PB ieee/NUMERIC_STD 1381692181 LB UNISIM \
      PH unisim/VCOMPONENTS 1381692182
AR work/GTX_OUTPUT_TILE/RTL 1671190259 \
      FL /home/ise/projects/complete_system_mash222_freq_synth_clean/ipcore_dir/ipcore_dir_mash222/gtx_output_tile.vhd \
      EN work/GTX_OUTPUT_TILE 1671190258 CP GTX_DUAL
FL /home/ise/projects/complete_system_mash222_freq_synth_clean/ipcore_dir/ipcore_dir_synth/lut_sine_coarse_128_vals.vhd 2022/12/13.14:19:24 P.20131013
EN work/lut_sine_coarse_128_vals 1671190270 \
      FL /home/ise/projects/complete_system_mash222_freq_synth_clean/ipcore_dir/ipcore_dir_synth/lut_sine_coarse_128_vals.vhd \
      PB ieee/std_logic_1164 1381692176
AR work/lut_sine_coarse_128_vals/lut_sine_coarse_128_vals_a 1671190271 \
      FL /home/ise/projects/complete_system_mash222_freq_synth_clean/ipcore_dir/ipcore_dir_synth/lut_sine_coarse_128_vals.vhd \
      EN work/lut_sine_coarse_128_vals 1671190270
FL /home/ise/projects/complete_system_mash222_freq_synth_clean/ipcore_dir/ipcore_dir_synth/lut_sine_fine_256_vals.vhd 2022/12/13.14:21:33 P.20131013
EN work/lut_sine_fine_256_vals 1671190272 \
      FL /home/ise/projects/complete_system_mash222_freq_synth_clean/ipcore_dir/ipcore_dir_synth/lut_sine_fine_256_vals.vhd \
      PB ieee/std_logic_1164 1381692176
AR work/lut_sine_fine_256_vals/lut_sine_fine_256_vals_a 1671190273 \
      FL /home/ise/projects/complete_system_mash222_freq_synth_clean/ipcore_dir/ipcore_dir_synth/lut_sine_fine_256_vals.vhd \
      EN work/lut_sine_fine_256_vals 1671190272
FL /home/ise/projects/complete_system_mash222_freq_synth_clean/mash222_vhd_files/bit_reduction.vhd 2022/12/05.15:36:02 P.20131013
EN work/bit_reduction 1671190264 \
      FL /home/ise/projects/complete_system_mash222_freq_synth_clean/mash222_vhd_files/bit_reduction.vhd \
      PB ieee/std_logic_1164 1381692176 PB ieee/NUMERIC_STD 1381692181
AR work/bit_reduction/Behavioral 1671190265 \
      FL /home/ise/projects/complete_system_mash222_freq_synth_clean/mash222_vhd_files/bit_reduction.vhd \
      EN work/bit_reduction 1671190264
FL /home/ise/projects/complete_system_mash222_freq_synth_clean/mash222_vhd_files/mash_222.vhd 2022/12/08.09:10:14 P.20131013
EN work/mash_222 1671190262 \
      FL /home/ise/projects/complete_system_mash222_freq_synth_clean/mash222_vhd_files/mash_222.vhd \
      PB ieee/std_logic_1164 1381692176 PB ieee/NUMERIC_STD 1381692181
AR work/mash_222/Behavioral 1671190263 \
      FL /home/ise/projects/complete_system_mash222_freq_synth_clean/mash222_vhd_files/mash_222.vhd \
      EN work/mash_222 1671190262
FL /home/ise/projects/complete_system_mash222_freq_synth_clean/mash222_vhd_files/output_buffer.vhd 2022/12/08.11:21:54 P.20131013
EN work/output_buffer 1671190260 \
      FL /home/ise/projects/complete_system_mash222_freq_synth_clean/mash222_vhd_files/output_buffer.vhd \
      PB ieee/std_logic_1164 1381692176
AR work/output_buffer/Behavioral 1671190261 \
      FL /home/ise/projects/complete_system_mash222_freq_synth_clean/mash222_vhd_files/output_buffer.vhd \
      EN work/output_buffer 1671190260
FL /home/ise/projects/complete_system_mash222_freq_synth_clean/mash222_vhd_files/top_level.vhd 2022/12/16.11:30:45 P.20131013
EN work/mod_top_level 1671190276 \
      FL /home/ise/projects/complete_system_mash222_freq_synth_clean/mash222_vhd_files/top_level.vhd \
      PB ieee/std_logic_1164 1381692176 PB ieee/NUMERIC_STD 1381692181 LB UNISIM \
      PH unisim/VCOMPONENTS 1381692182
AR work/mod_top_level/Behavioral 1671190277 \
      FL /home/ise/projects/complete_system_mash222_freq_synth_clean/mash222_vhd_files/top_level.vhd \
      EN work/mod_top_level 1671190276 CP output_buffer CP mash_222 \
      CP bit_reduction CP pll_clock CP GTX_OUTPUT CP BUFG
FL /home/ise/projects/complete_system_mash222_freq_synth_clean/modulator_synth_sys.vhd 2022/12/15.10:54:38 P.20131013
EN work/modulator_synth_sys 1671190278 \
      FL /home/ise/projects/complete_system_mash222_freq_synth_clean/modulator_synth_sys.vhd \
      PB ieee/std_logic_1164 1381692176 PB ieee/NUMERIC_STD 1381692181
AR work/modulator_synth_sys/Behavioral 1671190279 \
      FL /home/ise/projects/complete_system_mash222_freq_synth_clean/modulator_synth_sys.vhd \
      EN work/modulator_synth_sys 1671190278 CP synth CP mod_top_level
FL /home/ise/projects/complete_system_mash222_freq_synth_clean/pll_clock.vhd 2022/12/13.18:37:37 P.20131013
EN work/pll_clock 1671190266 \
      FL /home/ise/projects/complete_system_mash222_freq_synth_clean/pll_clock.vhd \
      PB ieee/std_logic_1164 1381692176 PB ieee/NUMERIC_STD 1381692181 LB UNISIM \
      PH unisim/VCOMPONENTS 1381692182
AR work/pll_clock/BEHAVIORAL 1671190267 \
      FL /home/ise/projects/complete_system_mash222_freq_synth_clean/pll_clock.vhd \
      EN work/pll_clock 1671190266 CP IBUFG CP BUFG CP PLL_ADV
FL /home/ise/projects/complete_system_mash222_freq_synth_clean/synth_vhd_files/synth.vhd 2022/12/15.11:35:35 P.20131013
EN work/synth 1671190274 \
      FL /home/ise/projects/complete_system_mash222_freq_synth_clean/synth_vhd_files/synth.vhd \
      PB ieee/std_logic_1164 1381692176 PB ieee/NUMERIC_STD 1381692181
AR work/synth/Behavioral 1671190275 \
      FL /home/ise/projects/complete_system_mash222_freq_synth_clean/synth_vhd_files/synth.vhd \
      EN work/synth 1671190274 CP lut_sine_coarse_128_vals \
      CP lut_sine_fine_256_vals
