EN bit_reduction NULL /home/ise/projects/complete_system_mash222_freq_synth_sim_corrected/mash222_vhd_files/bit_reduction.vhd sub00/vhpl06 1673818265
EN modulator_synth_sys NULL /home/ise/projects/complete_system_mash222_freq_synth_sim_corrected/modulator_synth_sys.vhd sub00/vhpl20 1673818279
EN gtx_output_tile NULL /home/ise/projects/complete_system_mash222_freq_synth_sim_corrected/ipcore_dir/ipcore_dir_mash222/gtx_output_tile.vhd sub00/vhpl00 1673818277
AR bit_reduction behavioral /home/ise/projects/complete_system_mash222_freq_synth_sim_corrected/mash222_vhd_files/bit_reduction.vhd sub00/vhpl07 1673818266
AR lut_sine_coarse_128_vals lut_sine_coarse_128_vals_a /home/ise/projects/complete_system_mash222_freq_synth_sim_corrected/ipcore_dir/ipcore_dir_synth/lut_sine_coarse_128_vals.vhd sub00/vhpl13 1673818270
AR output_buffer behavioral /home/ise/projects/complete_system_mash222_freq_synth_sim_corrected/mash222_vhd_files/output_buffer.vhd sub00/vhpl03 1673818262
AR gtx_output_tile rtl /home/ise/projects/complete_system_mash222_freq_synth_sim_corrected/ipcore_dir/ipcore_dir_mash222/gtx_output_tile.vhd sub00/vhpl01 1673818278
EN pll_clock NULL /home/ise/projects/complete_system_mash222_freq_synth_sim_corrected/pll_clock.vhd sub00/vhpl08 1673818267
AR gtx_output rtl /home/ise/projects/complete_system_mash222_freq_synth/ipcore_dir/ipcore_dir_mash222/gtx_output.vhd sub00/vhpl11 1670957977
AR pll_clock behavioral /home/ise/projects/complete_system_mash222_freq_synth_sim_corrected/pll_clock.vhd sub00/vhpl09 1673818268
EN lut_sine_fine_256_vals NULL /home/ise/projects/complete_system_mash222_freq_synth_sim_corrected/ipcore_dir/ipcore_dir_synth/lut_sine_fine_256_vals.vhd sub00/vhpl14 1673818271
EN lut_sine_coarse_128_vals NULL /home/ise/projects/complete_system_mash222_freq_synth_sim_corrected/ipcore_dir/ipcore_dir_synth/lut_sine_coarse_128_vals.vhd sub00/vhpl12 1673818269
EN synth NULL /home/ise/projects/complete_system_mash222_freq_synth_sim_corrected/synth_vhd_files/synth.vhd sub00/vhpl16 1673818273
AR mod_top_level behavioral /home/ise/projects/complete_system_mash222_freq_synth_sim_corrected/mash222_vhd_files/top_level.vhd sub00/vhpl19 1673818276
AR lut_sine_fine_256_vals lut_sine_fine_256_vals_a /home/ise/projects/complete_system_mash222_freq_synth_sim_corrected/ipcore_dir/ipcore_dir_synth/lut_sine_fine_256_vals.vhd sub00/vhpl15 1673818272
EN gtx_output NULL /home/ise/projects/complete_system_mash222_freq_synth/ipcore_dir/ipcore_dir_mash222/gtx_output.vhd sub00/vhpl10 1670957976
EN mash_222 NULL /home/ise/projects/complete_system_mash222_freq_synth_sim_corrected/mash222_vhd_files/mash_222.vhd sub00/vhpl04 1673818263
EN output_buffer NULL /home/ise/projects/complete_system_mash222_freq_synth_sim_corrected/mash222_vhd_files/output_buffer.vhd sub00/vhpl02 1673818261
AR synth behavioral /home/ise/projects/complete_system_mash222_freq_synth_sim_corrected/synth_vhd_files/synth.vhd sub00/vhpl17 1673818274
AR modulator_synth_sys behavioral /home/ise/projects/complete_system_mash222_freq_synth_sim_corrected/modulator_synth_sys.vhd sub00/vhpl21 1673818280
EN mod_top_level NULL /home/ise/projects/complete_system_mash222_freq_synth_sim_corrected/mash222_vhd_files/top_level.vhd sub00/vhpl18 1673818275
AR mash_222 behavioral /home/ise/projects/complete_system_mash222_freq_synth_sim_corrected/mash222_vhd_files/mash_222.vhd sub00/vhpl05 1673818264
