V3 67
FL /home/ise/projects/complete_system_mash222_freq_synth/ipcore_dir/ipcore_dir_mash222/gtx_output.vhd 2022/12/08.11:25:06 P.20131013
EN work/GTX_OUTPUT 1670957976 \
      FL /home/ise/projects/complete_system_mash222_freq_synth/ipcore_dir/ipcore_dir_mash222/gtx_output.vhd \
      PB ieee/std_logic_1164 1381692176 PB ieee/NUMERIC_STD 1381692181 LB UNISIM \
      PH unisim/VCOMPONENTS 1381692182
AR work/GTX_OUTPUT/RTL 1670957977 \
      FL /home/ise/projects/complete_system_mash222_freq_synth/ipcore_dir/ipcore_dir_mash222/gtx_output.vhd \
      EN work/GTX_OUTPUT 1670957976 CP GTX_OUTPUT_TILE
FL /home/ise/projects/complete_system_mash222_freq_synth/ipcore_dir/ipcore_dir_mash222/gtx_output_tile.vhd 2022/12/08.11:25:05 P.20131013
FL /home/ise/projects/complete_system_mash222_freq_synth/ipcore_dir/ipcore_dir_synth/lut_sine_coarse_128_vals.vhd 2022/12/13.14:19:24 P.20131013
FL /home/ise/projects/complete_system_mash222_freq_synth/ipcore_dir/ipcore_dir_synth/lut_sine_fine_256_vals.vhd 2022/12/13.14:21:33 P.20131013
FL /home/ise/projects/complete_system_mash222_freq_synth/mash222_vhd_files/bit_reduction.vhd 2022/12/05.15:36:02 P.20131013
FL /home/ise/projects/complete_system_mash222_freq_synth/mash222_vhd_files/mash_222.vhd 2022/12/08.09:10:14 P.20131013
FL /home/ise/projects/complete_system_mash222_freq_synth/mash222_vhd_files/output_buffer.vhd 2022/12/08.11:21:54 P.20131013
FL /home/ise/projects/complete_system_mash222_freq_synth/mash222_vhd_files/top_level.vhd 2022/12/13.18:19:21 P.20131013
FL /home/ise/projects/complete_system_mash222_freq_synth/modulator_synth_sys.vhd 2022/12/13.18:59:18 P.20131013
FL /home/ise/projects/complete_system_mash222_freq_synth/pll_clock.vhd 2022/12/13.18:37:37 P.20131013
FL /home/ise/projects/complete_system_mash222_freq_synth/synth_vhd_files/synth.vhd 2022/12/13.15:27:08 P.20131013
FL /home/ise/projects/complete_system_mash222_freq_synth_sim/ipcore_dir/ipcore_dir_mash222/gtx_output_tile.vhd 2022/12/08.11:25:05 P.20131013
FL /home/ise/projects/complete_system_mash222_freq_synth_sim/ipcore_dir/ipcore_dir_synth/lut_sine_coarse_128_vals.vhd 2022/12/13.14:19:24 P.20131013
FL /home/ise/projects/complete_system_mash222_freq_synth_sim/ipcore_dir/ipcore_dir_synth/lut_sine_fine_256_vals.vhd 2022/12/13.14:21:33 P.20131013
FL /home/ise/projects/complete_system_mash222_freq_synth_sim/mash222_vhd_files/bit_reduction.vhd 2022/12/05.15:36:02 P.20131013
FL /home/ise/projects/complete_system_mash222_freq_synth_sim/mash222_vhd_files/mash_222.vhd 2022/12/08.09:10:14 P.20131013
FL /home/ise/projects/complete_system_mash222_freq_synth_sim/mash222_vhd_files/output_buffer.vhd 2022/12/08.11:21:54 P.20131013
FL /home/ise/projects/complete_system_mash222_freq_synth_sim/mash222_vhd_files/top_level.vhd 2022/12/16.11:27:25 P.20131013
FL /home/ise/projects/complete_system_mash222_freq_synth_sim/modulator_synth_sys.vhd 2022/12/16.10:36:05 P.20131013
FL /home/ise/projects/complete_system_mash222_freq_synth_sim/pll_clock.vhd 2022/12/13.18:37:37 P.20131013
FL /home/ise/projects/complete_system_mash222_freq_synth_sim/synth_vhd_files/synth.vhd 2022/12/13.15:27:08 P.20131013
FL /home/ise/projects/complete_system_mash222_freq_synth_sim_corrected/ipcore_dir/ipcore_dir_mash222/gtx_output_tile.vhd 2022/12/08.11:25:05 P.20131013
EN work/GTX_OUTPUT_TILE 1673818277 \
      FL /home/ise/projects/complete_system_mash222_freq_synth_sim_corrected/ipcore_dir/ipcore_dir_mash222/gtx_output_tile.vhd \
      PB ieee/std_logic_1164 1381692176 PB ieee/NUMERIC_STD 1381692181 LB UNISIM \
      PH unisim/VCOMPONENTS 1381692182
AR work/GTX_OUTPUT_TILE/RTL 1673818278 \
      FL /home/ise/projects/complete_system_mash222_freq_synth_sim_corrected/ipcore_dir/ipcore_dir_mash222/gtx_output_tile.vhd \
      EN work/GTX_OUTPUT_TILE 1673818277 CP GTX_DUAL
FL /home/ise/projects/complete_system_mash222_freq_synth_sim_corrected/ipcore_dir/ipcore_dir_synth/lut_sine_coarse_128_vals.vhd 2022/12/13.14:19:24 P.20131013
EN work/lut_sine_coarse_128_vals 1673818269 \
      FL /home/ise/projects/complete_system_mash222_freq_synth_sim_corrected/ipcore_dir/ipcore_dir_synth/lut_sine_coarse_128_vals.vhd \
      PB ieee/std_logic_1164 1381692176
AR work/lut_sine_coarse_128_vals/lut_sine_coarse_128_vals_a 1673818270 \
      FL /home/ise/projects/complete_system_mash222_freq_synth_sim_corrected/ipcore_dir/ipcore_dir_synth/lut_sine_coarse_128_vals.vhd \
      EN work/lut_sine_coarse_128_vals 1673818269
FL /home/ise/projects/complete_system_mash222_freq_synth_sim_corrected/ipcore_dir/ipcore_dir_synth/lut_sine_fine_256_vals.vhd 2022/12/13.14:21:33 P.20131013
EN work/lut_sine_fine_256_vals 1673818271 \
      FL /home/ise/projects/complete_system_mash222_freq_synth_sim_corrected/ipcore_dir/ipcore_dir_synth/lut_sine_fine_256_vals.vhd \
      PB ieee/std_logic_1164 1381692176
AR work/lut_sine_fine_256_vals/lut_sine_fine_256_vals_a 1673818272 \
      FL /home/ise/projects/complete_system_mash222_freq_synth_sim_corrected/ipcore_dir/ipcore_dir_synth/lut_sine_fine_256_vals.vhd \
      EN work/lut_sine_fine_256_vals 1673818271
FL /home/ise/projects/complete_system_mash222_freq_synth_sim_corrected/mash222_vhd_files/bit_reduction.vhd 2023/01/15.21:28:23 P.20131013
EN work/bit_reduction 1673818265 \
      FL /home/ise/projects/complete_system_mash222_freq_synth_sim_corrected/mash222_vhd_files/bit_reduction.vhd \
      PB ieee/std_logic_1164 1381692176 PB ieee/NUMERIC_STD 1381692181
AR work/bit_reduction/Behavioral 1673818266 \
      FL /home/ise/projects/complete_system_mash222_freq_synth_sim_corrected/mash222_vhd_files/bit_reduction.vhd \
      EN work/bit_reduction 1673818265
FL /home/ise/projects/complete_system_mash222_freq_synth_sim_corrected/mash222_vhd_files/mash_222.vhd 2023/01/15.21:14:40 P.20131013
EN work/mash_222 1673818263 \
      FL /home/ise/projects/complete_system_mash222_freq_synth_sim_corrected/mash222_vhd_files/mash_222.vhd \
      PB ieee/std_logic_1164 1381692176 PB ieee/NUMERIC_STD 1381692181
AR work/mash_222/Behavioral 1673818264 \
      FL /home/ise/projects/complete_system_mash222_freq_synth_sim_corrected/mash222_vhd_files/mash_222.vhd \
      EN work/mash_222 1673818263
FL /home/ise/projects/complete_system_mash222_freq_synth_sim_corrected/mash222_vhd_files/output_buffer.vhd 2022/12/08.11:21:54 P.20131013
EN work/output_buffer 1673818261 \
      FL /home/ise/projects/complete_system_mash222_freq_synth_sim_corrected/mash222_vhd_files/output_buffer.vhd \
      PB ieee/std_logic_1164 1381692176
AR work/output_buffer/Behavioral 1673818262 \
      FL /home/ise/projects/complete_system_mash222_freq_synth_sim_corrected/mash222_vhd_files/output_buffer.vhd \
      EN work/output_buffer 1673818261
FL /home/ise/projects/complete_system_mash222_freq_synth_sim_corrected/mash222_vhd_files/top_level.vhd 2022/12/16.11:27:25 P.20131013
EN work/mod_top_level 1673818275 \
      FL /home/ise/projects/complete_system_mash222_freq_synth_sim_corrected/mash222_vhd_files/top_level.vhd \
      PB ieee/std_logic_1164 1381692176 PB ieee/NUMERIC_STD 1381692181 LB UNISIM \
      PH unisim/VCOMPONENTS 1381692182
AR work/mod_top_level/Behavioral 1673818276 \
      FL /home/ise/projects/complete_system_mash222_freq_synth_sim_corrected/mash222_vhd_files/top_level.vhd \
      EN work/mod_top_level 1673818275 CP output_buffer CP mash_222 \
      CP bit_reduction CP pll_clock CP BUFG
FL /home/ise/projects/complete_system_mash222_freq_synth_sim_corrected/modulator_synth_sys.vhd 2022/12/16.10:36:05 P.20131013
EN work/modulator_synth_sys 1673818279 \
      FL /home/ise/projects/complete_system_mash222_freq_synth_sim_corrected/modulator_synth_sys.vhd \
      PB ieee/std_logic_1164 1381692176 PB ieee/NUMERIC_STD 1381692181
AR work/modulator_synth_sys/Behavioral 1673818280 \
      FL /home/ise/projects/complete_system_mash222_freq_synth_sim_corrected/modulator_synth_sys.vhd \
      EN work/modulator_synth_sys 1673818279 CP synth CP mod_top_level
FL /home/ise/projects/complete_system_mash222_freq_synth_sim_corrected/pll_clock.vhd 2022/12/13.18:37:37 P.20131013
EN work/pll_clock 1673818267 \
      FL /home/ise/projects/complete_system_mash222_freq_synth_sim_corrected/pll_clock.vhd \
      PB ieee/std_logic_1164 1381692176 PB ieee/NUMERIC_STD 1381692181 LB UNISIM \
      PH unisim/VCOMPONENTS 1381692182
AR work/pll_clock/BEHAVIORAL 1673818268 \
      FL /home/ise/projects/complete_system_mash222_freq_synth_sim_corrected/pll_clock.vhd \
      EN work/pll_clock 1673818267 CP IBUFG CP BUFG CP PLL_ADV
FL /home/ise/projects/complete_system_mash222_freq_synth_sim_corrected/synth_vhd_files/synth.vhd 2022/12/13.15:27:08 P.20131013
EN work/synth 1673818273 \
      FL /home/ise/projects/complete_system_mash222_freq_synth_sim_corrected/synth_vhd_files/synth.vhd \
      PB ieee/std_logic_1164 1381692176 PB ieee/NUMERIC_STD 1381692181
AR work/synth/Behavioral 1673818274 \
      FL /home/ise/projects/complete_system_mash222_freq_synth_sim_corrected/synth_vhd_files/synth.vhd \
      EN work/synth 1673818273 CP lut_sine_coarse_128_vals \
      CP lut_sine_fine_256_vals
